/Users/jaspersnel/Documents/maastro/coral/r2rml-build/r2rml/src/r2rml/util/IRISafe.java
/Users/jaspersnel/Documents/maastro/coral/r2rml-build/r2rml/src/r2rml/function/JSEnv.java
/Users/jaspersnel/Documents/maastro/coral/r2rml-build/r2rml/src/r2rml/model/PredicateMap.java
/Users/jaspersnel/Documents/maastro/coral/r2rml-build/r2rml/src/r2rml/model/Join.java
/Users/jaspersnel/Documents/maastro/coral/r2rml-build/r2rml/src/r2rml/database/DB.java
/Users/jaspersnel/Documents/maastro/coral/r2rml-build/r2rml/src/r2rml/model/R2RMLMapping.java
/Users/jaspersnel/Documents/maastro/coral/r2rml-build/r2rml/src/r2rml/model/FunctionCall.java
/Users/jaspersnel/Documents/maastro/coral/r2rml-build/r2rml/src/r2rml/model/LogicalTable.java
/Users/jaspersnel/Documents/maastro/coral/r2rml-build/r2rml/src/r2rml/model/R2RMLMappingFactory.java
/Users/jaspersnel/Documents/maastro/coral/r2rml-build/r2rml/src/r2rml/engine/Configuration.java
/Users/jaspersnel/Documents/maastro/coral/r2rml-build/r2rml/src/r2rml/model/RefObjectMap.java
/Users/jaspersnel/Documents/maastro/coral/r2rml-build/r2rml/src/r2rml/engine/R2RMLProcessor.java
/Users/jaspersnel/Documents/maastro/coral/r2rml-build/r2rml/src/r2rml/Main.java
/Users/jaspersnel/Documents/maastro/coral/r2rml-build/r2rml/src/r2rml/engine/R2RMLException.java
/Users/jaspersnel/Documents/maastro/coral/r2rml-build/r2rml/src/r2rml/database/Rows.java
/Users/jaspersnel/Documents/maastro/coral/r2rml-build/r2rml/src/r2rml/model/PredicateObjectMap.java
/Users/jaspersnel/Documents/maastro/coral/r2rml-build/r2rml/src/r2rml/model/ObjectMap.java
/Users/jaspersnel/Documents/maastro/coral/r2rml-build/r2rml/src/r2rml/engine/CliOptions.java
/Users/jaspersnel/Documents/maastro/coral/r2rml-build/r2rml/src/r2rml/engine/R2RMLTypeMapper.java
/Users/jaspersnel/Documents/maastro/coral/r2rml-build/r2rml/src/r2rml/model/TermMap.java
/Users/jaspersnel/Documents/maastro/coral/r2rml-build/r2rml/src/r2rml/engine/R2RML.java
/Users/jaspersnel/Documents/maastro/coral/r2rml-build/r2rml/src/r2rml/model/TriplesMap.java
/Users/jaspersnel/Documents/maastro/coral/r2rml-build/r2rml/src/r2rml/model/R2RMLUtil.java
/Users/jaspersnel/Documents/maastro/coral/r2rml-build/r2rml/src/r2rml/model/GraphMap.java
/Users/jaspersnel/Documents/maastro/coral/r2rml-build/r2rml/src/r2rml/engine/RRF.java
/Users/jaspersnel/Documents/maastro/coral/r2rml-build/r2rml/src/r2rml/database/Row.java
/Users/jaspersnel/Documents/maastro/coral/r2rml-build/r2rml/src/r2rml/model/SubjectMap.java
/Users/jaspersnel/Documents/maastro/coral/r2rml-build/r2rml/src/r2rml/model/R2RMLResource.java
